# Add new host to config
ansible -i ubuntu.inventory ubuntu1 -m shell -a 'mc config host add tenant2 http://172.0.5.151:9002 zaq1xsw2cde3 123456789 --api S3v4'
ubuntu1 | CHANGED | rc=0 >>
Added `tenant2` successfully.
---
# Create new bucket in tenant2
ansible -i ubuntu.inventory ubuntu1 -m shell -a 'mc mb tenant2/forpic'
ubuntu1 | CHANGED | rc=0 >>
Bucket created successfully `tenant2/forpic`.
---
# Upload new file into created bucket
ansible -i ubuntu.inventory ubuntu1 -m shell -a 'mc cp /tmp/test.jpg tenant2/forpic'
ubuntu1 | CHANGED | rc=0 >>
/tmp/test.jpg:  22.22 KiB / 22.22 KiB  100.00% 662.32 KiB/s 0s
---
# Create user named "user1" with pass "user1user1"
ansible -i ubuntu.inventory ubuntu1 -m shell -a 'mc admin user add tenant2 user1 user1user1'
ubuntu1 | CHANGED | rc=0 >>
Added user `user1` successfully.

---
# Add policy for tenant2
ansible -i ubuntu.inventory ubuntu1 -m shell -a 'mc admin policy add tenant2 readAndWrite /tmp/policy.json'
ubuntu1 | CHANGED | rc=0 >>
Added policy `readAndWrite` successfully.

/tmp/policy.json
root@ubuntu1:/tmp# cat /tmp/policy.json
{
 "Version": "2012-10-17",
 "Statement": [
   {
     "Effect": "Allow",
     "Action": [
       "s3:*",
   "s3:ListAllMyBuckets"
     ],
     "Resource": [
       "arn:aws:s3:::*"
     ]
   }
 ]
}
---
# Set policy to user for tenant2
ansible -i ubuntu.inventory ubuntu1 -m shell -a 'mc admin policy set tenant2 readAndWrite user=user1'
ubuntu1 | CHANGED | rc=0 >>
Policy readAndWrite is set on user `user1`
---
# List all policy for tenant2 (lists maybe look different
ansible -i ubuntu.inventory ubuntu1 -m shell -a 'mc admin policy list tenant2'
ubuntu1 | CHANGED | rc=0 >>
readwrite
writeonly
readAndWrite
readonly
